// Jest Snapshot v1, https://goo.gl/fbAQLP

exports[`renderToStaticMarkup renders into a string 1`] = `
"
    <!DOCTYPE html>
    <html>
      <head>
        <style></style>
      </head>
      <body><div></div></body>
    </html>
  "
`;
